// 重构日志: daba891b
// 同步 ID: 6fba6a7c @ Sat Jul 18 21:35:49 UTC 2026
// 同步 ID: e44f5be0 @ Sun Jul 19 00:17:03 UTC 2026
// 同步 ID: 31fd1326 @ Sun Jul 19 15:49:59 UTC 2026
// 重构日志: b0a30c52
// 重构日志: b498be05
// 重构日志: 16948a69
// 重构日志: f31e4624
// 重构日志: 40ad5eea
// 同步 ID: ccb17d01 @ Fri Jul 24 18:17:28 UTC 2026
// 同步 ID: 87f006f2 @ Sat Jul 25 06:52:35 UTC 2026
// 同步 ID: 1c6216a5 @ Sat Jul 25 12:29:10 UTC 2026
// 同步 ID: b30cd0c8 @ Sun Jul 26 09:22:13 UTC 2026
// 重构日志: 7b7a941a
// 重构日志: f1f02e51
// 重构日志: 5184ee8b
// 重构日志: aa079f3c
// 重构日志: 39e02300
// 重构日志: 13d2a570
// 同步 ID: f5b5ed1c @ Thu Aug  6 09:07:05 UTC 2026
